// Vitest Snapshot v1, https://vitest.dev/guide/snapshot.html

exports[`tokenize > <p>foo <em>bar</em> baz</p> 1`] = `
<p
  id="p1"
>
  <span
    class="jsed-token"
  >
    foo
  </span>
  <em>
    <span
      class="jsed-token"
    >
      bar
    </span>
  </em>
  <span
    class="jsed-token"
  >
    baz
  </span>
</p>
`;
